
  VITE v5.4.21  ready in 324 ms

  ➜  Local:   http://localhost:5173/
  ➜  Network: use --host to expose
6:02:13 PM [vite] Pre-transform error: Failed to resolve import "./src/courses_data.json" from "courses.html?html-proxy&index=0.js". Does the file exist?
6:02:13 PM [vite] Internal server error: Failed to resolve import "./src/courses_data.json" from "courses.html?html-proxy&index=0.js". Does the file exist?
  Plugin: vite:import-analysis
  File: /app/courses.html?html-proxy&index=0.js:65:30
  1  |
  2  |      import coursesData from './src/courses_data.json';
     |                               ^
  3  |
  4  |      function renderCourses(filter = 'all') {
      at TransformPluginContext._formatError (file:///app/node_modules/vite/dist/node/chunks/dep-BK3b2jBa.js:49258:41)
      at TransformPluginContext.error (file:///app/node_modules/vite/dist/node/chunks/dep-BK3b2jBa.js:49253:16)
      at normalizeUrl (file:///app/node_modules/vite/dist/node/chunks/dep-BK3b2jBa.js:64307:23)
      at process.processTicksAndRejections (node:internal/process/task_queues:103:5)
      at async file:///app/node_modules/vite/dist/node/chunks/dep-BK3b2jBa.js:64439:39
      at async Promise.all (index 0)
      at async TransformPluginContext.transform (file:///app/node_modules/vite/dist/node/chunks/dep-BK3b2jBa.js:64366:7)
      at async PluginContainer.transform (file:///app/node_modules/vite/dist/node/chunks/dep-BK3b2jBa.js:49099:18)
      at async loadAndTransform (file:///app/node_modules/vite/dist/node/chunks/dep-BK3b2jBa.js:51978:27)
      at async viteTransformMiddleware (file:///app/node_modules/vite/dist/node/chunks/dep-BK3b2jBa.js:62106:24)
6:02:14 PM [vite] Pre-transform error: Failed to resolve import "./src/courses_data.json" from "course-detail.html?html-proxy&index=0.js". Does the file exist?
6:02:15 PM [vite] Internal server error: Failed to resolve import "./src/courses_data.json" from "course-detail.html?html-proxy&index=0.js". Does the file exist?
  Plugin: vite:import-analysis
  File: /app/course-detail.html?html-proxy&index=0.js:37:30
  1  |
  2  |      import coursesData from './src/courses_data.json';
     |                               ^
  3  |
  4  |      document.addEventListener('DOMContentLoaded', () => {
      at TransformPluginContext._formatError (file:///app/node_modules/vite/dist/node/chunks/dep-BK3b2jBa.js:49258:41)
      at TransformPluginContext.error (file:///app/node_modules/vite/dist/node/chunks/dep-BK3b2jBa.js:49253:16)
      at normalizeUrl (file:///app/node_modules/vite/dist/node/chunks/dep-BK3b2jBa.js:64307:23)
      at process.processTicksAndRejections (node:internal/process/task_queues:103:5)
      at async file:///app/node_modules/vite/dist/node/chunks/dep-BK3b2jBa.js:64439:39
      at async Promise.all (index 0)
      at async TransformPluginContext.transform (file:///app/node_modules/vite/dist/node/chunks/dep-BK3b2jBa.js:64366:7)
      at async PluginContainer.transform (file:///app/node_modules/vite/dist/node/chunks/dep-BK3b2jBa.js:49099:18)
      at async loadAndTransform (file:///app/node_modules/vite/dist/node/chunks/dep-BK3b2jBa.js:51978:27)
      at async viteTransformMiddleware (file:///app/node_modules/vite/dist/node/chunks/dep-BK3b2jBa.js:62106:24)
6:02:16 PM [vite] Pre-transform error: Failed to resolve import "./src/past_courses_data.json" from "past-courses.html?html-proxy&index=0.js". Does the file exist?
6:02:16 PM [vite] Internal server error: Failed to resolve import "./src/past_courses_data.json" from "past-courses.html?html-proxy&index=0.js". Does the file exist?
  Plugin: vite:import-analysis
  File: /app/past-courses.html?html-proxy&index=0.js:62:27
  1  |
  2  |      import pastData from './src/past_courses_data.json';
     |                            ^
  3  |
  4  |      let currentFilter = 'all';
      at TransformPluginContext._formatError (file:///app/node_modules/vite/dist/node/chunks/dep-BK3b2jBa.js:49258:41)
      at TransformPluginContext.error (file:///app/node_modules/vite/dist/node/chunks/dep-BK3b2jBa.js:49253:16)
      at normalizeUrl (file:///app/node_modules/vite/dist/node/chunks/dep-BK3b2jBa.js:64307:23)
      at process.processTicksAndRejections (node:internal/process/task_queues:103:5)
      at async file:///app/node_modules/vite/dist/node/chunks/dep-BK3b2jBa.js:64439:39
      at async Promise.all (index 0)
      at async TransformPluginContext.transform (file:///app/node_modules/vite/dist/node/chunks/dep-BK3b2jBa.js:64366:7)
      at async PluginContainer.transform (file:///app/node_modules/vite/dist/node/chunks/dep-BK3b2jBa.js:49099:18)
      at async loadAndTransform (file:///app/node_modules/vite/dist/node/chunks/dep-BK3b2jBa.js:51978:27)
      at async viteTransformMiddleware (file:///app/node_modules/vite/dist/node/chunks/dep-BK3b2jBa.js:62106:24)
6:02:49 PM [vite] page reload past-courses.html
6:02:54 PM [vite] Pre-transform error: Failed to resolve import "./src/courses_data.json" from "courses.html?html-proxy&index=0.js". Does the file exist?
6:02:54 PM [vite] Internal server error: Failed to resolve import "./src/courses_data.json" from "courses.html?html-proxy&index=0.js". Does the file exist?
  Plugin: vite:import-analysis
  File: /app/courses.html?html-proxy&index=0.js:65:30
  1  |
  2  |      import coursesData from './src/courses_data.json';
     |                               ^
  3  |
  4  |      function renderCourses(filter = 'all') {
      at TransformPluginContext._formatError (file:///app/node_modules/vite/dist/node/chunks/dep-BK3b2jBa.js:49258:41)
      at TransformPluginContext.error (file:///app/node_modules/vite/dist/node/chunks/dep-BK3b2jBa.js:49253:16)
      at normalizeUrl (file:///app/node_modules/vite/dist/node/chunks/dep-BK3b2jBa.js:64307:23)
      at process.processTicksAndRejections (node:internal/process/task_queues:103:5)
      at async file:///app/node_modules/vite/dist/node/chunks/dep-BK3b2jBa.js:64439:39
      at async Promise.all (index 0)
      at async TransformPluginContext.transform (file:///app/node_modules/vite/dist/node/chunks/dep-BK3b2jBa.js:64366:7)
      at async PluginContainer.transform (file:///app/node_modules/vite/dist/node/chunks/dep-BK3b2jBa.js:49099:18)
      at async loadAndTransform (file:///app/node_modules/vite/dist/node/chunks/dep-BK3b2jBa.js:51978:27)
      at async viteTransformMiddleware (file:///app/node_modules/vite/dist/node/chunks/dep-BK3b2jBa.js:62106:24)
6:02:55 PM [vite] Pre-transform error: Failed to resolve import "./src/courses_data.json" from "course-detail.html?html-proxy&index=0.js". Does the file exist?
6:02:55 PM [vite] Internal server error: Failed to resolve import "./src/courses_data.json" from "course-detail.html?html-proxy&index=0.js". Does the file exist?
  Plugin: vite:import-analysis
  File: /app/course-detail.html?html-proxy&index=0.js:37:30
  1  |
  2  |      import coursesData from './src/courses_data.json';
     |                               ^
  3  |
  4  |      document.addEventListener('DOMContentLoaded', () => {
      at TransformPluginContext._formatError (file:///app/node_modules/vite/dist/node/chunks/dep-BK3b2jBa.js:49258:41)
      at TransformPluginContext.error (file:///app/node_modules/vite/dist/node/chunks/dep-BK3b2jBa.js:49253:16)
      at normalizeUrl (file:///app/node_modules/vite/dist/node/chunks/dep-BK3b2jBa.js:64307:23)
      at process.processTicksAndRejections (node:internal/process/task_queues:103:5)
      at async file:///app/node_modules/vite/dist/node/chunks/dep-BK3b2jBa.js:64439:39
      at async Promise.all (index 0)
      at async TransformPluginContext.transform (file:///app/node_modules/vite/dist/node/chunks/dep-BK3b2jBa.js:64366:7)
      at async PluginContainer.transform (file:///app/node_modules/vite/dist/node/chunks/dep-BK3b2jBa.js:49099:18)
      at async loadAndTransform (file:///app/node_modules/vite/dist/node/chunks/dep-BK3b2jBa.js:51978:27)
      at async viteTransformMiddleware (file:///app/node_modules/vite/dist/node/chunks/dep-BK3b2jBa.js:62106:24)
6:02:57 PM [vite] Pre-transform error: Failed to resolve import "/src/past_courses_data.json" from "past-courses.html?html-proxy&index=0.js". Does the file exist?
6:02:57 PM [vite] Internal server error: Failed to resolve import "/src/past_courses_data.json" from "past-courses.html?html-proxy&index=0.js". Does the file exist?
  Plugin: vite:import-analysis
  File: /app/past-courses.html?html-proxy&index=0.js:62:27
  1  |
  2  |      import pastData from '/src/past_courses_data.json';
     |                            ^
  3  |
  4  |      let currentFilter = 'all';
      at TransformPluginContext._formatError (file:///app/node_modules/vite/dist/node/chunks/dep-BK3b2jBa.js:49258:41)
      at TransformPluginContext.error (file:///app/node_modules/vite/dist/node/chunks/dep-BK3b2jBa.js:49253:16)
      at normalizeUrl (file:///app/node_modules/vite/dist/node/chunks/dep-BK3b2jBa.js:64307:23)
      at process.processTicksAndRejections (node:internal/process/task_queues:103:5)
      at async file:///app/node_modules/vite/dist/node/chunks/dep-BK3b2jBa.js:64439:39
      at async Promise.all (index 0)
      at async TransformPluginContext.transform (file:///app/node_modules/vite/dist/node/chunks/dep-BK3b2jBa.js:64366:7)
      at async PluginContainer.transform (file:///app/node_modules/vite/dist/node/chunks/dep-BK3b2jBa.js:49099:18)
      at async loadAndTransform (file:///app/node_modules/vite/dist/node/chunks/dep-BK3b2jBa.js:51978:27)
      at async viteTransformMiddleware (file:///app/node_modules/vite/dist/node/chunks/dep-BK3b2jBa.js:62106:24)
6:05:12 PM [vite] page reload public/images/past_courses/sabeel-institute-PNG.png
6:09:04 PM [vite] Pre-transform error: Failed to resolve import "./src/courses_data.json" from "courses.html?html-proxy&index=0.js". Does the file exist?
6:09:04 PM [vite] Internal server error: Failed to resolve import "./src/courses_data.json" from "courses.html?html-proxy&index=0.js". Does the file exist?
  Plugin: vite:import-analysis
  File: /app/courses.html?html-proxy&index=0.js:65:30
  1  |
  2  |      import coursesData from './src/courses_data.json';
     |                               ^
  3  |
  4  |      function renderCourses(filter = 'all') {
      at TransformPluginContext._formatError (file:///app/node_modules/vite/dist/node/chunks/dep-BK3b2jBa.js:49258:41)
      at TransformPluginContext.error (file:///app/node_modules/vite/dist/node/chunks/dep-BK3b2jBa.js:49253:16)
      at normalizeUrl (file:///app/node_modules/vite/dist/node/chunks/dep-BK3b2jBa.js:64307:23)
      at process.processTicksAndRejections (node:internal/process/task_queues:103:5)
      at async file:///app/node_modules/vite/dist/node/chunks/dep-BK3b2jBa.js:64439:39
      at async Promise.all (index 0)
      at async TransformPluginContext.transform (file:///app/node_modules/vite/dist/node/chunks/dep-BK3b2jBa.js:64366:7)
      at async PluginContainer.transform (file:///app/node_modules/vite/dist/node/chunks/dep-BK3b2jBa.js:49099:18)
      at async loadAndTransform (file:///app/node_modules/vite/dist/node/chunks/dep-BK3b2jBa.js:51978:27)
      at async viteTransformMiddleware (file:///app/node_modules/vite/dist/node/chunks/dep-BK3b2jBa.js:62106:24)
6:09:05 PM [vite] Pre-transform error: Failed to resolve import "./src/courses_data.json" from "course-detail.html?html-proxy&index=0.js". Does the file exist?
6:09:05 PM [vite] Internal server error: Failed to resolve import "./src/courses_data.json" from "course-detail.html?html-proxy&index=0.js". Does the file exist?
  Plugin: vite:import-analysis
  File: /app/course-detail.html?html-proxy&index=0.js:37:30
  1  |
  2  |      import coursesData from './src/courses_data.json';
     |                               ^
  3  |
  4  |      document.addEventListener('DOMContentLoaded', () => {
      at TransformPluginContext._formatError (file:///app/node_modules/vite/dist/node/chunks/dep-BK3b2jBa.js:49258:41)
      at TransformPluginContext.error (file:///app/node_modules/vite/dist/node/chunks/dep-BK3b2jBa.js:49253:16)
      at normalizeUrl (file:///app/node_modules/vite/dist/node/chunks/dep-BK3b2jBa.js:64307:23)
      at process.processTicksAndRejections (node:internal/process/task_queues:103:5)
      at async file:///app/node_modules/vite/dist/node/chunks/dep-BK3b2jBa.js:64439:39
      at async Promise.all (index 0)
      at async TransformPluginContext.transform (file:///app/node_modules/vite/dist/node/chunks/dep-BK3b2jBa.js:64366:7)
      at async PluginContainer.transform (file:///app/node_modules/vite/dist/node/chunks/dep-BK3b2jBa.js:49099:18)
      at async loadAndTransform (file:///app/node_modules/vite/dist/node/chunks/dep-BK3b2jBa.js:51978:27)
      at async viteTransformMiddleware (file:///app/node_modules/vite/dist/node/chunks/dep-BK3b2jBa.js:62106:24)
6:10:08 PM [vite] page reload vite.config.js.timestamp-1790446208791-930f59db6847.mjs
6:10:53 PM [vite] page reload courses.html
